2026-03-01 13:08:36.835 INFO  [main] e.N.R.m.MsCoreDataApplication : Starting MsCoreDataApplication using Java 17.0.12 with PID 2208 (C:\Users\ferna\Escritorio\Escritorio\TFG\Implementacion\ms-core-data\target\classes started by ferna in C:\Users\ferna\Escritorio\Escritorio\TFG\Implementacion\ms-core-data)
2026-03-01 13:08:36.842 DEBUG [main] e.N.R.m.MsCoreDataApplication : Running with Spring Boot v4.0.3, Spring v7.0.5
2026-03-01 13:08:36.845 INFO  [main] e.N.R.m.MsCoreDataApplication : No active profile set, falling back to 1 default profile: "default"
2026-03-01 13:08:37.892 INFO  [main] o.s.d.r.c.RepositoryConfigurationDelegate : Bootstrapping Spring Data MongoDB repositories in DEFAULT mode.
2026-03-01 13:08:38.127 INFO  [main] o.s.d.r.c.RepositoryConfigurationDelegate : Finished Spring Data repository scanning in 223 ms. Found 1 MongoDB repository interface.
2026-03-01 13:08:38.828 INFO  [main] o.s.boot.tomcat.TomcatWebServer : Tomcat initialized with port 8080 (http)
2026-03-01 13:08:38.849 INFO  [main] o.a.coyote.http11.Http11NioProtocol : Initializing ProtocolHandler ["http-nio-8080"]
2026-03-01 13:08:38.854 INFO  [main] o.a.catalina.core.StandardService : Starting service [Tomcat]
2026-03-01 13:08:38.855 INFO  [main] o.a.catalina.core.StandardEngine : Starting Servlet engine: [Apache Tomcat/11.0.18]
2026-03-01 13:08:38.969 INFO  [main] o.s.b.w.c.s.WebApplicationContextInitializer : Root WebApplicationContext: initialization completed in 1971 ms
2026-03-01 13:08:40.459 INFO  [main] o.a.coyote.http11.Http11NioProtocol : Starting ProtocolHandler ["http-nio-8080"]
2026-03-01 13:08:40.480 WARN  [main] o.s.b.w.s.s.c.AnnotationConfigServletWebServerApplicationContext : Exception encountered during context initialization - cancelling refresh attempt: org.springframework.context.ApplicationContextException: Failed to start bean 'webServerStartStop'
2026-03-01 13:08:40.517 INFO  [main] o.s.b.a.l.ConditionEvaluationReportLogger : 

Error starting ApplicationContext. To display the condition evaluation report re-run your application with 'debug' enabled.
2026-03-01 13:08:40.540 ERROR [main] o.s.b.d.LoggingFailureAnalysisReporter : 

***************************
APPLICATION FAILED TO START
***************************

Description:

Web server failed to start. Port 8080 was already in use.

Action:

Identify and stop the process that's listening on port 8080 or configure this application to listen on another port.

2026-03-01 13:08:46.966 INFO  [main] e.N.R.m.MsCoreDataApplication : Starting MsCoreDataApplication using Java 17.0.12 with PID 11272 (C:\Users\ferna\Escritorio\Escritorio\TFG\Implementacion\ms-core-data\target\classes started by ferna in C:\Users\ferna\Escritorio\Escritorio\TFG\Implementacion\ms-core-data)
2026-03-01 13:08:46.971 DEBUG [main] e.N.R.m.MsCoreDataApplication : Running with Spring Boot v4.0.3, Spring v7.0.5
2026-03-01 13:08:46.972 INFO  [main] e.N.R.m.MsCoreDataApplication : No active profile set, falling back to 1 default profile: "default"
2026-03-01 13:08:48.020 INFO  [main] o.s.d.r.c.RepositoryConfigurationDelegate : Bootstrapping Spring Data MongoDB repositories in DEFAULT mode.
2026-03-01 13:08:48.258 INFO  [main] o.s.d.r.c.RepositoryConfigurationDelegate : Finished Spring Data repository scanning in 230 ms. Found 1 MongoDB repository interface.
2026-03-01 13:08:48.966 INFO  [main] o.s.boot.tomcat.TomcatWebServer : Tomcat initialized with port 8080 (http)
2026-03-01 13:08:48.986 INFO  [main] o.a.coyote.http11.Http11NioProtocol : Initializing ProtocolHandler ["http-nio-8080"]
2026-03-01 13:08:48.992 INFO  [main] o.a.catalina.core.StandardService : Starting service [Tomcat]
2026-03-01 13:08:48.992 INFO  [main] o.a.catalina.core.StandardEngine : Starting Servlet engine: [Apache Tomcat/11.0.18]
2026-03-01 13:08:49.101 INFO  [main] o.s.b.w.c.s.WebApplicationContextInitializer : Root WebApplicationContext: initialization completed in 1980 ms
2026-03-01 13:08:50.565 INFO  [main] o.a.coyote.http11.Http11NioProtocol : Starting ProtocolHandler ["http-nio-8080"]
2026-03-01 13:08:50.598 INFO  [main] o.s.boot.tomcat.TomcatWebServer : Tomcat started on port 8080 (http) with context path '/'
2026-03-01 13:08:50.607 INFO  [main] e.N.R.m.MsCoreDataApplication : Started MsCoreDataApplication in 4.6 seconds (process running for 5.247)
2026-03-01 13:09:04.613 INFO  [http-nio-8080-exec-2] o.a.c.c.C.[Tomcat].[localhost].[/] : Initializing Spring DispatcherServlet 'dispatcherServlet'
2026-03-01 13:09:04.614 INFO  [http-nio-8080-exec-2] o.s.web.servlet.DispatcherServlet : Initializing Servlet 'dispatcherServlet'
2026-03-01 13:09:04.616 INFO  [http-nio-8080-exec-2] o.s.web.servlet.DispatcherServlet : Completed initialization in 2 ms
2026-03-01 13:09:04.683 INFO  [http-nio-8080-exec-2] e.N.R.m.i.a.i.RequestControllerAdapter : Request received: GET /api/requests
2026-03-01 13:09:04.684 DEBUG [http-nio-8080-exec-2] e.N.R.m.a.u.RequestApplicationService : Starting listRequests operation with filters - partyName: [null], requestStatus: [null]
2026-03-01 13:09:04.686 DEBUG [http-nio-8080-exec-2] e.N.R.m.i.a.o.RequestRepositoryAdapter : Executing findWithFilters operation - partyName: [null], requestStatus: [null]
2026-03-01 13:09:04.914 DEBUG [http-nio-8080-exec-2] e.N.R.m.i.a.o.RequestRepositoryAdapter : findWithFilters operation completed - Retrieved 3 entity(ies)
2026-03-01 13:09:04.914 DEBUG [http-nio-8080-exec-2] e.N.R.m.i.a.o.RequestRepositoryAdapter : Mapping 3 RequestEntity(ies) to Request domain objects
2026-03-01 13:09:04.918 DEBUG [http-nio-8080-exec-2] e.N.R.m.a.u.RequestApplicationService : listRequests operation completed - Found 3 request(s)
2026-03-01 13:09:04.918 DEBUG [http-nio-8080-exec-2] e.N.R.m.a.u.RequestApplicationService : Mapping 3 request(s) to RequestSummaryDTO
2026-03-01 13:09:04.920 INFO  [http-nio-8080-exec-2] e.N.R.m.i.a.i.RequestControllerAdapter : Response sent successfully - Status: 200 - Items count: 3
2026-03-01 15:34:04.849 INFO  [main] e.N.R.m.MsCoreDataApplication : Starting MsCoreDataApplication using Java 17.0.12 with PID 3480 (C:\Users\ferna\Escritorio\Escritorio\TFG\Implementacion\ms-core-data\target\classes started by ferna in C:\Users\ferna\Escritorio\Escritorio\TFG\Implementacion\ms-core-data)
2026-03-01 15:34:04.858 DEBUG [main] e.N.R.m.MsCoreDataApplication : Running with Spring Boot v4.0.3, Spring v7.0.5
2026-03-01 15:34:04.861 INFO  [main] e.N.R.m.MsCoreDataApplication : No active profile set, falling back to 1 default profile: "default"
2026-03-01 15:34:05.884 INFO  [main] o.s.d.r.c.RepositoryConfigurationDelegate : Bootstrapping Spring Data MongoDB repositories in DEFAULT mode.
2026-03-01 15:34:06.129 INFO  [main] o.s.d.r.c.RepositoryConfigurationDelegate : Finished Spring Data repository scanning in 235 ms. Found 2 MongoDB repository interfaces.
2026-03-01 15:34:06.782 INFO  [main] o.s.boot.tomcat.TomcatWebServer : Tomcat initialized with port 8080 (http)
2026-03-01 15:34:06.802 INFO  [main] o.a.coyote.http11.Http11NioProtocol : Initializing ProtocolHandler ["http-nio-8080"]
2026-03-01 15:34:06.811 INFO  [main] o.a.catalina.core.StandardService : Starting service [Tomcat]
2026-03-01 15:34:06.813 INFO  [main] o.a.catalina.core.StandardEngine : Starting Servlet engine: [Apache Tomcat/11.0.18]
2026-03-01 15:34:06.925 INFO  [main] o.s.b.w.c.s.WebApplicationContextInitializer : Root WebApplicationContext: initialization completed in 1912 ms
2026-03-01 15:34:08.733 INFO  [main] o.a.coyote.http11.Http11NioProtocol : Starting ProtocolHandler ["http-nio-8080"]
2026-03-01 15:34:08.809 INFO  [main] o.s.boot.tomcat.TomcatWebServer : Tomcat started on port 8080 (http) with context path '/'
2026-03-01 15:34:08.827 INFO  [main] e.N.R.m.MsCoreDataApplication : Started MsCoreDataApplication in 4.905 seconds (process running for 5.491)
2026-03-01 15:34:46.884 INFO  [http-nio-8080-exec-9] o.a.c.c.C.[Tomcat].[localhost].[/] : Initializing Spring DispatcherServlet 'dispatcherServlet'
2026-03-01 15:34:46.884 INFO  [http-nio-8080-exec-9] o.s.web.servlet.DispatcherServlet : Initializing Servlet 'dispatcherServlet'
2026-03-01 15:34:46.886 INFO  [http-nio-8080-exec-9] o.s.web.servlet.DispatcherServlet : Completed initialization in 2 ms
2026-03-01 15:34:46.954 INFO  [http-nio-8080-exec-9] e.N.R.m.i.a.i.RequestControllerAdapter : Request received: GET /api/requests/665c1b2c3d4e5f6a7b8c9d01
2026-03-01 15:34:46.955 DEBUG [http-nio-8080-exec-9] e.N.R.m.a.u.RequestApplicationService : Starting getRequestDetails operation - requestId: [665c1b2c3d4e5f6a7b8c9d01]
2026-03-01 15:34:46.955 DEBUG [http-nio-8080-exec-9] e.N.R.m.a.u.RequestApplicationService : Validating requestId: [665c1b2c3d4e5f6a7b8c9d01]
2026-03-01 15:34:46.959 DEBUG [http-nio-8080-exec-9] e.N.R.m.i.a.o.RequestRepositoryAdapter : Executing findById operation - requestId: [665c1b2c3d4e5f6a7b8c9d01]
2026-03-01 15:34:47.099 DEBUG [http-nio-8080-exec-9] e.N.R.m.i.a.o.RequestRepositoryAdapter : Entity found in database - requestId: [665c1b2c3d4e5f6a7b8c9d01]
2026-03-01 15:34:47.100 DEBUG [http-nio-8080-exec-9] e.N.R.m.i.a.o.RequestRepositoryAdapter : Mapping RequestEntity to Request domain - requestId: [665c1b2c3d4e5f6a7b8c9d01]
2026-03-01 15:34:47.102 DEBUG [http-nio-8080-exec-9] e.N.R.m.a.u.RequestApplicationService : Request found - requestId: [665c1b2c3d4e5f6a7b8c9d01]
2026-03-01 15:34:47.103 ERROR [http-nio-8080-exec-9] e.N.R.m.i.a.i.RequestControllerAdapter : Unexpected error processing request: Cannot invoke "es.NTTEnterprise.RIntellix.ms_core_data.domain.entities.Party.getId()" because the return value of "es.NTTEnterprise.RIntellix.ms_core_data.domain.entities.Request.getParty()" is null
java.lang.NullPointerException: Cannot invoke "es.NTTEnterprise.RIntellix.ms_core_data.domain.entities.Party.getId()" because the return value of "es.NTTEnterprise.RIntellix.ms_core_data.domain.entities.Request.getParty()" is null
	at es.NTTEnterprise.RIntellix.ms_core_data.application.usecases.RequestApplicationService.getRequestDetails(RequestApplicationService.java:73)
	at es.NTTEnterprise.RIntellix.ms_core_data.infraestructure.adapters.input.RequestControllerAdapter.getRequestDetails(RequestControllerAdapter.java:71)
	at java.base/jdk.internal.reflect.NativeMethodAccessorImpl.invoke0(Native Method)
	at java.base/jdk.internal.reflect.NativeMethodAccessorImpl.invoke(NativeMethodAccessorImpl.java:77)
	at java.base/jdk.internal.reflect.DelegatingMethodAccessorImpl.invoke(DelegatingMethodAccessorImpl.java:43)
	at java.base/java.lang.reflect.Method.invoke(Method.java:568)
	at org.springframework.web.method.support.InvocableHandlerMethod.doInvoke(InvocableHandlerMethod.java:252)
	at org.springframework.web.method.support.InvocableHandlerMethod.invokeForRequest(InvocableHandlerMethod.java:184)
	at org.springframework.web.servlet.mvc.method.annotation.ServletInvocableHandlerMethod.invokeAndHandle(ServletInvocableHandlerMethod.java:117)
	at org.springframework.web.servlet.mvc.method.annotation.RequestMappingHandlerAdapter.invokeHandlerMethod(RequestMappingHandlerAdapter.java:934)
	at org.springframework.web.servlet.mvc.method.annotation.RequestMappingHandlerAdapter.handleInternal(RequestMappingHandlerAdapter.java:853)
	at org.springframework.web.servlet.mvc.method.AbstractHandlerMethodAdapter.handle(AbstractHandlerMethodAdapter.java:86)
	at org.springframework.web.servlet.DispatcherServlet.doDispatch(DispatcherServlet.java:963)
	at org.springframework.web.servlet.DispatcherServlet.doService(DispatcherServlet.java:866)
	at org.springframework.web.servlet.FrameworkServlet.processRequest(FrameworkServlet.java:1000)
	at org.springframework.web.servlet.FrameworkServlet.doGet(FrameworkServlet.java:892)
	at jakarta.servlet.http.HttpServlet.service(HttpServlet.java:622)
	at org.springframework.web.servlet.FrameworkServlet.service(FrameworkServlet.java:874)
	at jakarta.servlet.http.HttpServlet.service(HttpServlet.java:710)
	at org.apache.catalina.core.ApplicationFilterChain.doFilter(ApplicationFilterChain.java:128)
	at org.apache.tomcat.websocket.server.WsFilter.doFilter(WsFilter.java:53)
	at org.apache.catalina.core.ApplicationFilterChain.doFilter(ApplicationFilterChain.java:107)
	at org.springframework.web.filter.RequestContextFilter.doFilterInternal(RequestContextFilter.java:100)
	at org.springframework.web.filter.OncePerRequestFilter.doFilter(OncePerRequestFilter.java:116)
	at org.apache.catalina.core.ApplicationFilterChain.doFilter(ApplicationFilterChain.java:107)
	at org.springframework.web.filter.FormContentFilter.doFilterInternal(FormContentFilter.java:93)
	at org.springframework.web.filter.OncePerRequestFilter.doFilter(OncePerRequestFilter.java:116)
	at org.apache.catalina.core.ApplicationFilterChain.doFilter(ApplicationFilterChain.java:107)
	at org.springframework.web.filter.CharacterEncodingFilter.doFilterInternal(CharacterEncodingFilter.java:199)
	at org.springframework.web.filter.OncePerRequestFilter.doFilter(OncePerRequestFilter.java:116)
	at org.apache.catalina.core.ApplicationFilterChain.doFilter(ApplicationFilterChain.java:107)
	at org.apache.catalina.core.StandardWrapperValve.invoke(StandardWrapperValve.java:165)
	at org.apache.catalina.core.StandardContextValve.invoke(StandardContextValve.java:77)
	at org.apache.catalina.authenticator.AuthenticatorBase.invoke(AuthenticatorBase.java:492)
	at org.apache.catalina.core.StandardHostValve.invoke(StandardHostValve.java:113)
	at org.apache.catalina.valves.ErrorReportValve.invoke(ErrorReportValve.java:83)
	at org.apache.catalina.core.StandardEngineValve.invoke(StandardEngineValve.java:72)
	at org.apache.catalina.connector.CoyoteAdapter.service(CoyoteAdapter.java:341)
	at org.apache.coyote.http11.Http11Processor.service(Http11Processor.java:397)
	at org.apache.coyote.AbstractProcessorLight.process(AbstractProcessorLight.java:63)
	at org.apache.coyote.AbstractProtocol$ConnectionHandler.process(AbstractProtocol.java:903)
	at org.apache.tomcat.util.net.NioEndpoint$SocketProcessor.doRun(NioEndpoint.java:1779)
	at org.apache.tomcat.util.net.SocketProcessorBase.run(SocketProcessorBase.java:52)
	at org.apache.tomcat.util.threads.ThreadPoolExecutor.runWorker(ThreadPoolExecutor.java:946)
	at org.apache.tomcat.util.threads.ThreadPoolExecutor$Worker.run(ThreadPoolExecutor.java:480)
	at org.apache.tomcat.util.threads.TaskThread$WrappingRunnable.run(TaskThread.java:57)
	at java.base/java.lang.Thread.run(Thread.java:842)
2026-03-01 15:34:47.109 ERROR [http-nio-8080-exec-9] e.N.R.m.i.a.i.RequestControllerAdapter : Error response sent - Status: 500 - Reason: Internal server error
2026-03-01 15:42:24.329 INFO  [main] e.N.R.m.MsCoreDataApplication : Starting MsCoreDataApplication using Java 17.0.12 with PID 2608 (C:\Users\ferna\Escritorio\Escritorio\TFG\Implementacion\ms-core-data\target\classes started by ferna in C:\Users\ferna\Escritorio\Escritorio\TFG\Implementacion\ms-core-data)
2026-03-01 15:42:24.335 DEBUG [main] e.N.R.m.MsCoreDataApplication : Running with Spring Boot v4.0.3, Spring v7.0.5
2026-03-01 15:42:24.336 INFO  [main] e.N.R.m.MsCoreDataApplication : No active profile set, falling back to 1 default profile: "default"
2026-03-01 15:42:25.344 INFO  [main] o.s.d.r.c.RepositoryConfigurationDelegate : Bootstrapping Spring Data MongoDB repositories in DEFAULT mode.
2026-03-01 15:42:25.580 INFO  [main] o.s.d.r.c.RepositoryConfigurationDelegate : Finished Spring Data repository scanning in 224 ms. Found 2 MongoDB repository interfaces.
2026-03-01 15:42:26.284 INFO  [main] o.s.boot.tomcat.TomcatWebServer : Tomcat initialized with port 8080 (http)
2026-03-01 15:42:26.300 INFO  [main] o.a.coyote.http11.Http11NioProtocol : Initializing ProtocolHandler ["http-nio-8080"]
2026-03-01 15:42:26.303 INFO  [main] o.a.catalina.core.StandardService : Starting service [Tomcat]
2026-03-01 15:42:26.304 INFO  [main] o.a.catalina.core.StandardEngine : Starting Servlet engine: [Apache Tomcat/11.0.18]
2026-03-01 15:42:26.407 INFO  [main] o.s.b.w.c.s.WebApplicationContextInitializer : Root WebApplicationContext: initialization completed in 1938 ms
2026-03-01 15:42:27.822 INFO  [main] o.a.coyote.http11.Http11NioProtocol : Starting ProtocolHandler ["http-nio-8080"]
2026-03-01 15:42:27.860 INFO  [main] o.s.boot.tomcat.TomcatWebServer : Tomcat started on port 8080 (http) with context path '/'
2026-03-01 15:42:27.868 INFO  [main] e.N.R.m.MsCoreDataApplication : Started MsCoreDataApplication in 4.494 seconds (process running for 5.109)
2026-03-01 15:42:37.111 INFO  [http-nio-8080-exec-1] o.a.c.c.C.[Tomcat].[localhost].[/] : Initializing Spring DispatcherServlet 'dispatcherServlet'
2026-03-01 15:42:37.112 INFO  [http-nio-8080-exec-1] o.s.web.servlet.DispatcherServlet : Initializing Servlet 'dispatcherServlet'
2026-03-01 15:42:37.114 INFO  [http-nio-8080-exec-1] o.s.web.servlet.DispatcherServlet : Completed initialization in 2 ms
2026-03-01 15:42:37.188 INFO  [http-nio-8080-exec-1] e.N.R.m.i.a.i.RequestControllerAdapter : Request received: GET /api/requests/665c1b2c3d4e5f6a7b8c9d01
2026-03-01 15:42:37.188 DEBUG [http-nio-8080-exec-1] e.N.R.m.a.u.RequestApplicationService : Starting getRequestDetails operation - requestId: [665c1b2c3d4e5f6a7b8c9d01]
2026-03-01 15:42:37.189 DEBUG [http-nio-8080-exec-1] e.N.R.m.a.u.RequestApplicationService : Validating requestId: [665c1b2c3d4e5f6a7b8c9d01]
2026-03-01 15:42:37.191 DEBUG [http-nio-8080-exec-1] e.N.R.m.i.a.o.RequestRepositoryAdapter : Executing findById operation - requestId: [665c1b2c3d4e5f6a7b8c9d01]
2026-03-01 15:42:37.334 DEBUG [http-nio-8080-exec-1] e.N.R.m.i.a.o.RequestRepositoryAdapter : Entity found in database - requestId: [665c1b2c3d4e5f6a7b8c9d01]
2026-03-01 15:42:37.335 DEBUG [http-nio-8080-exec-1] e.N.R.m.i.a.o.RequestRepositoryAdapter : Mapping RequestEntity to Request domain - requestId: [665c1b2c3d4e5f6a7b8c9d01]
2026-03-01 15:42:37.384 DEBUG [http-nio-8080-exec-1] e.N.R.m.i.a.o.PartyRepositoryAdapter : Party with ID 665a1b2c3d4e5f6a7b8c9d01 found, mapping to domain object
2026-03-01 15:42:37.387 DEBUG [http-nio-8080-exec-1] e.N.R.m.a.u.RequestApplicationService : Request found - requestId: [665c1b2c3d4e5f6a7b8c9d01]
2026-03-01 15:42:37.389 DEBUG [http-nio-8080-exec-1] e.N.R.m.a.u.RequestApplicationService : getRequestDetails operation completed successfully - requestId: [665c1b2c3d4e5f6a7b8c9d01]
2026-03-01 15:42:37.390 INFO  [http-nio-8080-exec-1] e.N.R.m.i.a.i.RequestControllerAdapter : Response sent successfully - Status: 200 - RequestId: [665c1b2c3d4e5f6a7b8c9d01]
2026-03-01 15:44:57.049 INFO  [main] e.N.R.m.MsCoreDataApplication : Starting MsCoreDataApplication using Java 17.0.12 with PID 3172 (C:\Users\ferna\Escritorio\Escritorio\TFG\Implementacion\ms-core-data\target\classes started by ferna in C:\Users\ferna\Escritorio\Escritorio\TFG\Implementacion\ms-core-data)
2026-03-01 15:44:57.053 DEBUG [main] e.N.R.m.MsCoreDataApplication : Running with Spring Boot v4.0.3, Spring v7.0.5
2026-03-01 15:44:57.054 INFO  [main] e.N.R.m.MsCoreDataApplication : No active profile set, falling back to 1 default profile: "default"
2026-03-01 15:44:58.182 INFO  [main] o.s.d.r.c.RepositoryConfigurationDelegate : Bootstrapping Spring Data MongoDB repositories in DEFAULT mode.
2026-03-01 15:44:58.416 INFO  [main] o.s.d.r.c.RepositoryConfigurationDelegate : Finished Spring Data repository scanning in 225 ms. Found 2 MongoDB repository interfaces.
2026-03-01 15:44:59.023 INFO  [main] o.s.boot.tomcat.TomcatWebServer : Tomcat initialized with port 8080 (http)
2026-03-01 15:44:59.041 INFO  [main] o.a.coyote.http11.Http11NioProtocol : Initializing ProtocolHandler ["http-nio-8080"]
2026-03-01 15:44:59.045 INFO  [main] o.a.catalina.core.StandardService : Starting service [Tomcat]
2026-03-01 15:44:59.045 INFO  [main] o.a.catalina.core.StandardEngine : Starting Servlet engine: [Apache Tomcat/11.0.18]
2026-03-01 15:44:59.150 INFO  [main] o.s.b.w.c.s.WebApplicationContextInitializer : Root WebApplicationContext: initialization completed in 1921 ms
2026-03-01 15:45:00.863 INFO  [main] o.a.coyote.http11.Http11NioProtocol : Starting ProtocolHandler ["http-nio-8080"]
2026-03-01 15:45:00.903 INFO  [main] o.s.boot.tomcat.TomcatWebServer : Tomcat started on port 8080 (http) with context path '/'
2026-03-01 15:45:00.912 INFO  [main] e.N.R.m.MsCoreDataApplication : Started MsCoreDataApplication in 4.8 seconds (process running for 5.435)
2026-03-01 15:45:09.122 INFO  [http-nio-8080-exec-4] o.a.c.c.C.[Tomcat].[localhost].[/] : Initializing Spring DispatcherServlet 'dispatcherServlet'
2026-03-01 15:45:09.122 INFO  [http-nio-8080-exec-4] o.s.web.servlet.DispatcherServlet : Initializing Servlet 'dispatcherServlet'
2026-03-01 15:45:09.124 INFO  [http-nio-8080-exec-4] o.s.web.servlet.DispatcherServlet : Completed initialization in 1 ms
2026-03-01 15:45:09.193 INFO  [http-nio-8080-exec-4] e.N.R.m.i.a.i.RequestControllerAdapter : Request received: GET /api/requests/665c1b2c3d4e5f6a7b8c9d01
2026-03-01 15:45:09.196 DEBUG [http-nio-8080-exec-4] e.N.R.m.a.u.RequestApplicationService : Starting getRequestDetails operation - requestId: [665c1b2c3d4e5f6a7b8c9d01]
2026-03-01 15:45:09.196 DEBUG [http-nio-8080-exec-4] e.N.R.m.a.u.RequestApplicationService : Validating requestId: [665c1b2c3d4e5f6a7b8c9d01]
2026-03-01 15:45:09.200 DEBUG [http-nio-8080-exec-4] e.N.R.m.i.a.o.RequestRepositoryAdapter : Executing findById operation - requestId: [665c1b2c3d4e5f6a7b8c9d01]
2026-03-01 15:45:09.338 DEBUG [http-nio-8080-exec-4] e.N.R.m.i.a.o.RequestRepositoryAdapter : Entity found in database - requestId: [665c1b2c3d4e5f6a7b8c9d01]
2026-03-01 15:45:09.338 DEBUG [http-nio-8080-exec-4] e.N.R.m.i.a.o.RequestRepositoryAdapter : Mapping RequestEntity to Request domain - requestId: [665c1b2c3d4e5f6a7b8c9d01]
2026-03-01 15:45:09.379 DEBUG [http-nio-8080-exec-4] e.N.R.m.i.a.o.PartyRepositoryAdapter : Party with ID 665a1b2c3d4e5f6a7b8c9d01 found, mapping to domain object
2026-03-01 15:45:09.381 DEBUG [http-nio-8080-exec-4] e.N.R.m.a.u.RequestApplicationService : Request found - requestId: [665c1b2c3d4e5f6a7b8c9d01]
2026-03-01 15:45:09.383 DEBUG [http-nio-8080-exec-4] e.N.R.m.a.u.RequestApplicationService : getRequestDetails operation completed successfully - requestId: [665c1b2c3d4e5f6a7b8c9d01]
2026-03-01 15:45:09.383 INFO  [http-nio-8080-exec-4] e.N.R.m.i.a.i.RequestControllerAdapter : Response sent successfully - Status: 200 - RequestId: [665c1b2c3d4e5f6a7b8c9d01]
2026-03-01 15:45:35.739 INFO  [main] e.N.R.m.MsCoreDataApplication : Starting MsCoreDataApplication using Java 17.0.12 with PID 12332 (C:\Users\ferna\Escritorio\Escritorio\TFG\Implementacion\ms-core-data\target\classes started by ferna in C:\Users\ferna\Escritorio\Escritorio\TFG\Implementacion\ms-core-data)
2026-03-01 15:45:35.750 DEBUG [main] e.N.R.m.MsCoreDataApplication : Running with Spring Boot v4.0.3, Spring v7.0.5
2026-03-01 15:45:35.753 INFO  [main] e.N.R.m.MsCoreDataApplication : No active profile set, falling back to 1 default profile: "default"
2026-03-01 15:45:36.831 INFO  [main] o.s.d.r.c.RepositoryConfigurationDelegate : Bootstrapping Spring Data MongoDB repositories in DEFAULT mode.
2026-03-01 15:45:37.051 INFO  [main] o.s.d.r.c.RepositoryConfigurationDelegate : Finished Spring Data repository scanning in 205 ms. Found 2 MongoDB repository interfaces.
2026-03-01 15:45:37.766 INFO  [main] o.s.boot.tomcat.TomcatWebServer : Tomcat initialized with port 8080 (http)
2026-03-01 15:45:37.783 INFO  [main] o.a.coyote.http11.Http11NioProtocol : Initializing ProtocolHandler ["http-nio-8080"]
2026-03-01 15:45:37.786 INFO  [main] o.a.catalina.core.StandardService : Starting service [Tomcat]
2026-03-01 15:45:37.787 INFO  [main] o.a.catalina.core.StandardEngine : Starting Servlet engine: [Apache Tomcat/11.0.18]
2026-03-01 15:45:37.895 INFO  [main] o.s.b.w.c.s.WebApplicationContextInitializer : Root WebApplicationContext: initialization completed in 1974 ms
2026-03-01 15:45:39.223 INFO  [main] o.a.coyote.http11.Http11NioProtocol : Starting ProtocolHandler ["http-nio-8080"]
2026-03-01 15:45:39.253 INFO  [main] o.s.boot.tomcat.TomcatWebServer : Tomcat started on port 8080 (http) with context path '/'
2026-03-01 15:45:39.263 INFO  [main] e.N.R.m.MsCoreDataApplication : Started MsCoreDataApplication in 4.577 seconds (process running for 5.259)
2026-03-01 15:45:42.571 INFO  [http-nio-8080-exec-2] o.a.c.c.C.[Tomcat].[localhost].[/] : Initializing Spring DispatcherServlet 'dispatcherServlet'
2026-03-01 15:45:42.572 INFO  [http-nio-8080-exec-2] o.s.web.servlet.DispatcherServlet : Initializing Servlet 'dispatcherServlet'
2026-03-01 15:45:42.574 INFO  [http-nio-8080-exec-2] o.s.web.servlet.DispatcherServlet : Completed initialization in 2 ms
2026-03-01 15:45:42.642 INFO  [http-nio-8080-exec-2] e.N.R.m.i.a.i.RequestControllerAdapter : Request received: GET /api/requests/665c1b2c3d4e5f6a7b8c9d01
2026-03-01 15:45:42.642 DEBUG [http-nio-8080-exec-2] e.N.R.m.a.u.RequestApplicationService : Starting getRequestDetails operation - requestId: [665c1b2c3d4e5f6a7b8c9d01]
2026-03-01 15:45:42.643 DEBUG [http-nio-8080-exec-2] e.N.R.m.a.u.RequestApplicationService : Validating requestId: [665c1b2c3d4e5f6a7b8c9d01]
2026-03-01 15:45:42.645 DEBUG [http-nio-8080-exec-2] e.N.R.m.i.a.o.RequestRepositoryAdapter : Executing findById operation - requestId: [665c1b2c3d4e5f6a7b8c9d01]
2026-03-01 15:45:42.788 DEBUG [http-nio-8080-exec-2] e.N.R.m.i.a.o.RequestRepositoryAdapter : Entity found in database - requestId: [665c1b2c3d4e5f6a7b8c9d01]
2026-03-01 15:45:42.789 DEBUG [http-nio-8080-exec-2] e.N.R.m.i.a.o.RequestRepositoryAdapter : Mapping RequestEntity to Request domain - requestId: [665c1b2c3d4e5f6a7b8c9d01]
2026-03-01 15:45:42.834 DEBUG [http-nio-8080-exec-2] e.N.R.m.i.a.o.PartyRepositoryAdapter : Party with ID 665a1b2c3d4e5f6a7b8c9d01 found, mapping to domain object
2026-03-01 15:45:42.837 DEBUG [http-nio-8080-exec-2] e.N.R.m.a.u.RequestApplicationService : Request found - requestId: [665c1b2c3d4e5f6a7b8c9d01]
2026-03-01 15:45:42.838 DEBUG [http-nio-8080-exec-2] e.N.R.m.a.u.RequestApplicationService : getRequestDetails operation completed successfully - requestId: [665c1b2c3d4e5f6a7b8c9d01]
2026-03-01 15:45:42.839 INFO  [http-nio-8080-exec-2] e.N.R.m.i.a.i.RequestControllerAdapter : Response sent successfully - Status: 200 - RequestId: [665c1b2c3d4e5f6a7b8c9d01]
2026-03-01 15:46:31.808 INFO  [http-nio-8080-exec-3] e.N.R.m.i.a.i.RequestControllerAdapter : Request received: GET /api/requests/665c1b2c3d4e5f6a7b8c9d01
2026-03-01 15:46:31.809 DEBUG [http-nio-8080-exec-3] e.N.R.m.a.u.RequestApplicationService : Starting getRequestDetails operation - requestId: [665c1b2c3d4e5f6a7b8c9d01]
2026-03-01 15:46:31.809 DEBUG [http-nio-8080-exec-3] e.N.R.m.a.u.RequestApplicationService : Validating requestId: [665c1b2c3d4e5f6a7b8c9d01]
2026-03-01 15:46:31.810 DEBUG [http-nio-8080-exec-3] e.N.R.m.i.a.o.RequestRepositoryAdapter : Executing findById operation - requestId: [665c1b2c3d4e5f6a7b8c9d01]
2026-03-01 15:46:31.814 DEBUG [http-nio-8080-exec-3] e.N.R.m.i.a.o.RequestRepositoryAdapter : Entity found in database - requestId: [665c1b2c3d4e5f6a7b8c9d01]
2026-03-01 15:46:31.815 DEBUG [http-nio-8080-exec-3] e.N.R.m.i.a.o.RequestRepositoryAdapter : Mapping RequestEntity to Request domain - requestId: [665c1b2c3d4e5f6a7b8c9d01]
2026-03-01 15:46:31.822 DEBUG [http-nio-8080-exec-3] e.N.R.m.i.a.o.PartyRepositoryAdapter : Party with ID 665a1b2c3d4e5f6a7b8c9d01 found, mapping to domain object
2026-03-01 15:46:31.823 DEBUG [http-nio-8080-exec-3] e.N.R.m.a.u.RequestApplicationService : Request found - requestId: [665c1b2c3d4e5f6a7b8c9d01]
2026-03-01 15:46:31.825 DEBUG [http-nio-8080-exec-3] e.N.R.m.a.u.RequestApplicationService : getRequestDetails operation completed successfully - requestId: [665c1b2c3d4e5f6a7b8c9d01]
2026-03-01 15:46:31.825 INFO  [http-nio-8080-exec-3] e.N.R.m.i.a.i.RequestControllerAdapter : Response sent successfully - Status: 200 - RequestId: [665c1b2c3d4e5f6a7b8c9d01]
2026-03-01 15:53:11.029 INFO  [main] e.N.R.m.MsCoreDataApplication : Starting MsCoreDataApplication using Java 17.0.12 with PID 32668 (C:\Users\ferna\Escritorio\Escritorio\TFG\Implementacion\ms-core-data\target\classes started by ferna in C:\Users\ferna\Escritorio\Escritorio\TFG\Implementacion\ms-core-data)
2026-03-01 15:53:11.034 DEBUG [main] e.N.R.m.MsCoreDataApplication : Running with Spring Boot v4.0.3, Spring v7.0.5
2026-03-01 15:53:11.035 INFO  [main] e.N.R.m.MsCoreDataApplication : No active profile set, falling back to 1 default profile: "default"
2026-03-01 15:53:12.108 INFO  [main] o.s.d.r.c.RepositoryConfigurationDelegate : Bootstrapping Spring Data MongoDB repositories in DEFAULT mode.
2026-03-01 15:53:12.333 INFO  [main] o.s.d.r.c.RepositoryConfigurationDelegate : Finished Spring Data repository scanning in 204 ms. Found 2 MongoDB repository interfaces.
2026-03-01 15:53:13.041 INFO  [main] o.s.boot.tomcat.TomcatWebServer : Tomcat initialized with port 8080 (http)
2026-03-01 15:53:13.060 INFO  [main] o.a.coyote.http11.Http11NioProtocol : Initializing ProtocolHandler ["http-nio-8080"]
2026-03-01 15:53:13.065 INFO  [main] o.a.catalina.core.StandardService : Starting service [Tomcat]
2026-03-01 15:53:13.066 INFO  [main] o.a.catalina.core.StandardEngine : Starting Servlet engine: [Apache Tomcat/11.0.18]
2026-03-01 15:53:13.179 INFO  [main] o.s.b.w.c.s.WebApplicationContextInitializer : Root WebApplicationContext: initialization completed in 2019 ms
2026-03-01 15:53:14.838 INFO  [main] o.a.coyote.http11.Http11NioProtocol : Starting ProtocolHandler ["http-nio-8080"]
2026-03-01 15:53:14.869 INFO  [main] o.s.boot.tomcat.TomcatWebServer : Tomcat started on port 8080 (http) with context path '/'
2026-03-01 15:53:14.879 INFO  [main] e.N.R.m.MsCoreDataApplication : Started MsCoreDataApplication in 4.727 seconds (process running for 5.284)
2026-03-01 15:53:16.979 INFO  [http-nio-8080-exec-4] o.a.c.c.C.[Tomcat].[localhost].[/] : Initializing Spring DispatcherServlet 'dispatcherServlet'
2026-03-01 15:53:16.980 INFO  [http-nio-8080-exec-4] o.s.web.servlet.DispatcherServlet : Initializing Servlet 'dispatcherServlet'
2026-03-01 15:53:16.982 INFO  [http-nio-8080-exec-4] o.s.web.servlet.DispatcherServlet : Completed initialization in 2 ms
2026-03-01 15:53:17.053 INFO  [http-nio-8080-exec-4] e.N.R.m.i.a.i.RequestControllerAdapter : Request received: GET /api/requests/665c1b2c3d4e5f6a7b8c9d01
2026-03-01 15:53:17.054 DEBUG [http-nio-8080-exec-4] e.N.R.m.a.u.RequestApplicationService : Starting getRequestDetails operation - requestId: [665c1b2c3d4e5f6a7b8c9d01]
2026-03-01 15:53:17.054 DEBUG [http-nio-8080-exec-4] e.N.R.m.a.u.RequestApplicationService : Validating requestId: [665c1b2c3d4e5f6a7b8c9d01]
2026-03-01 15:53:17.058 DEBUG [http-nio-8080-exec-4] e.N.R.m.i.a.o.RequestRepositoryAdapter : Executing findById operation - requestId: [665c1b2c3d4e5f6a7b8c9d01]
2026-03-01 15:53:17.205 DEBUG [http-nio-8080-exec-4] e.N.R.m.i.a.o.RequestRepositoryAdapter : Entity found in database - requestId: [665c1b2c3d4e5f6a7b8c9d01]
2026-03-01 15:53:17.205 DEBUG [http-nio-8080-exec-4] e.N.R.m.i.a.o.RequestRepositoryAdapter : Mapping RequestEntity to Request domain - requestId: [665c1b2c3d4e5f6a7b8c9d01]
2026-03-01 15:53:17.208 DEBUG [http-nio-8080-exec-4] e.N.R.m.i.a.o.PartyRepositoryAdapter : Executing findById operation - partyId: [665a1b2c3d4e5f6a7b8c9d01]
2026-03-01 15:53:17.247 DEBUG [http-nio-8080-exec-4] e.N.R.m.i.a.o.PartyRepositoryAdapter : Party found in database - partyId: [665a1b2c3d4e5f6a7b8c9d01]
2026-03-01 15:53:17.247 DEBUG [http-nio-8080-exec-4] e.N.R.m.i.a.o.PartyRepositoryAdapter : Mapping PartyEntity to Party domain - partyId: [665a1b2c3d4e5f6a7b8c9d01]
2026-03-01 15:53:17.249 DEBUG [http-nio-8080-exec-4] e.N.R.m.a.u.RequestApplicationService : Request found - requestId: [665c1b2c3d4e5f6a7b8c9d01]
2026-03-01 15:53:17.251 DEBUG [http-nio-8080-exec-4] e.N.R.m.a.u.RequestApplicationService : getRequestDetails operation completed successfully - requestId: [665c1b2c3d4e5f6a7b8c9d01]
2026-03-01 15:53:17.252 INFO  [http-nio-8080-exec-4] e.N.R.m.i.a.i.RequestControllerAdapter : Response sent successfully - Status: 200 - RequestId: [665c1b2c3d4e5f6a7b8c9d01]
2026-03-01 15:53:39.623 INFO  [http-nio-8080-exec-5] e.N.R.m.i.a.i.RequestControllerAdapter : Request received: GET /api/requests
2026-03-01 15:53:39.624 DEBUG [http-nio-8080-exec-5] e.N.R.m.a.u.RequestApplicationService : Starting listRequests operation with filters - partyName: [null], requestStatus: [null]
2026-03-01 15:53:39.625 DEBUG [http-nio-8080-exec-5] e.N.R.m.i.a.o.RequestRepositoryAdapter : Executing findWithFilters operation - partyName: [null], requestStatus: [null]
2026-03-01 15:53:39.695 DEBUG [http-nio-8080-exec-5] e.N.R.m.i.a.o.RequestRepositoryAdapter : findWithFilters operation completed - Retrieved 3 entity(ies)
2026-03-01 15:53:39.695 DEBUG [http-nio-8080-exec-5] e.N.R.m.i.a.o.RequestRepositoryAdapter : Mapping 3 RequestEntity(ies) to Request domain objects
2026-03-01 15:53:39.696 DEBUG [http-nio-8080-exec-5] e.N.R.m.a.u.RequestApplicationService : listRequests operation completed - Found 3 request(s)
2026-03-01 15:53:39.697 DEBUG [http-nio-8080-exec-5] e.N.R.m.a.u.RequestApplicationService : Mapping 3 request(s) to RequestSummaryDTO
2026-03-01 15:53:39.698 INFO  [http-nio-8080-exec-5] e.N.R.m.i.a.i.RequestControllerAdapter : Response sent successfully - Status: 200 - Items count: 3
